user@DESKTOP-OMPPMI3 MINGW64 ~
$ cd desktop

user@DESKTOP-OMPPMI3 MINGW64 ~/desktop
$ mkdir git_challenge

user@DESKTOP-OMPPMI3 MINGW64 ~/desktop
$ cd git_challenge

user@DESKTOP-OMPPMI3 MINGW64 ~/desktop/git_challenge
$ git init
Initialized empty Git repository in C:/Users/user/Desktop/git_challenge/.git/

user@DESKTOP-OMPPMI3 MINGW64 ~/desktop/git_challenge (main)
$ touch hello_world.txt

user@DESKTOP-OMPPMI3 MINGW64 ~/desktop/git_challenge (main)
$ echo "Hello,world!" >> hello_world.txt

user@DESKTOP-OMPPMI3 MINGW64 ~/desktop/git_challenge (main)
$ git add hello_world.txt
warning: in the working copy of 'hello_world.txt', LF will be replaced by CRLF the next time Git touches it

user@DESKTOP-OMPPMI3 MINGW64 ~/desktop/git_challenge (main)
$ git commit -m "Hello Worldを追加"
[main (root-commit) ddfbb48] Hello Worldを追加
 1 file changed, 1 insertion(+)
 create mode 100644 hello_world.txt

user@DESKTOP-OMPPMI3 MINGW64 ~/desktop/git_challenge (main)
$ git commit --amend -m "hello_world.txtを追加"
[main 5753461] hello_world.txtを追加
 Date: Wed Apr 9 10:27:16 2025 +0900
 1 file changed, 1 insertion(+)
 create mode 100644 hello_world.txt

user@DESKTOP-OMPPMI3 MINGW64 ~/desktop/git_challenge (main)
$ echo "こんにちは、世界！" >> hello_world.txt

user@DESKTOP-OMPPMI3 MINGW64 ~/desktop/git_challenge (main)
$ git add hello_world.txt
warning: in the working copy of 'hello_world.txt', LF will be replaced by CRLF the next time Git touches it

user@DESKTOP-OMPPMI3 MINGW64 ~/desktop/git_challenge (main)
$ git commit -m "日本語訳を追記"
[main fb0c094] 日本語訳を追記
 1 file changed, 1 insertion(+)

user@DESKTOP-OMPPMI3 MINGW64 ~/desktop/git_challenge (main)
$ git log --oneline
fb0c094 (HEAD -> main) 日本語訳を追記
5753461 hello_world.txtを追加

